mode: set
fiap-x-api/internal/infra/aws/client.go:15.51,16.11 1 1
fiap-x-api/internal/infra/aws/client.go:16.11,20.24 2 1
fiap-x-api/internal/infra/aws/client.go:20.24,22.4 1 1
fiap-x-api/internal/infra/aws/client.go:23.3,35.80 2 1
fiap-x-api/internal/infra/aws/client.go:35.80,40.6 1 0
fiap-x-api/internal/infra/aws/client.go:43.2,43.81 1 0
fiap-x-api/internal/infra/aws/s3.go:18.61,21.53 1 1
fiap-x-api/internal/infra/aws/s3.go:21.53,23.4 1 1
fiap-x-api/internal/infra/aws/s3.go:28.82,35.2 2 0
fiap-x-api/internal/infra/aws/s3.go:37.67,42.16 2 0
fiap-x-api/internal/infra/aws/s3.go:42.16,48.3 3 0
fiap-x-api/internal/infra/aws/s3.go:49.2,49.12 1 0
fiap-x-api/internal/infra/aws/s3.go:52.87,57.16 2 0
fiap-x-api/internal/infra/aws/s3.go:57.16,59.3 1 0
fiap-x-api/internal/infra/aws/s3.go:60.2,60.25 1 0
fiap-x-api/internal/infra/aws/sqs.go:20.65,25.2 1 1
fiap-x-api/internal/infra/aws/sqs.go:27.60,36.2 4 0
fiap-x-api/internal/handler/auth_middleware.go:14.39,15.30 1 1
fiap-x-api/internal/handler/auth_middleware.go:15.30,17.23 2 1
fiap-x-api/internal/handler/auth_middleware.go:17.23,21.4 3 1
fiap-x-api/internal/handler/auth_middleware.go:24.3,26.84 2 1
fiap-x-api/internal/handler/auth_middleware.go:26.84,27.59 1 1
fiap-x-api/internal/handler/auth_middleware.go:27.59,29.5 1 0
fiap-x-api/internal/handler/auth_middleware.go:30.4,30.22 1 1
fiap-x-api/internal/handler/auth_middleware.go:33.3,33.33 1 1
fiap-x-api/internal/handler/auth_middleware.go:33.33,37.4 3 1
fiap-x-api/internal/handler/auth_middleware.go:40.3,40.68 1 1
fiap-x-api/internal/handler/auth_middleware.go:40.68,42.4 1 1
fiap-x-api/internal/handler/auth_middleware.go:44.3,44.11 1 1
fiap-x-api/internal/handler/video_handler.go:29.47,32.13 2 1
fiap-x-api/internal/handler/video_handler.go:32.13,35.3 2 1
fiap-x-api/internal/handler/video_handler.go:38.2,39.16 2 1
fiap-x-api/internal/handler/video_handler.go:39.16,43.3 3 0
fiap-x-api/internal/handler/video_handler.go:44.2,53.45 3 1
fiap-x-api/internal/handler/video_handler.go:53.45,57.3 3 1
fiap-x-api/internal/handler/video_handler.go:61.2,62.16 2 1
fiap-x-api/internal/handler/video_handler.go:62.16,66.3 3 0
fiap-x-api/internal/handler/video_handler.go:69.2,70.45 2 1
fiap-x-api/internal/handler/video_handler.go:70.45,74.3 3 1
fiap-x-api/internal/handler/video_handler.go:76.2,76.63 1 1
fiap-x-api/internal/handler/video_handler.go:76.63,80.3 2 1
fiap-x-api/internal/handler/video_handler.go:82.2,86.4 1 1
fiap-x-api/internal/handler/video_handler.go:90.51,92.13 2 1
fiap-x-api/internal/handler/video_handler.go:92.13,95.3 2 1
fiap-x-api/internal/handler/video_handler.go:98.2,99.16 2 1
fiap-x-api/internal/handler/video_handler.go:99.16,102.3 2 1
fiap-x-api/internal/handler/video_handler.go:104.2,108.4 1 1
fiap-x-api/internal/handler/video_handler.go:111.52,116.43 3 1
fiap-x-api/internal/handler/video_handler.go:116.43,119.3 2 1
fiap-x-api/internal/handler/video_handler.go:120.2,124.16 3 1
fiap-x-api/internal/handler/video_handler.go:124.16,128.3 3 1
fiap-x-api/internal/handler/video_handler.go:129.2,135.25 4 0
fiap-x-api/internal/domain/entity.go:40.55,43.2 2 0
fiap-x-api/internal/domain/entity.go:45.54,48.2 2 0
fiap-x-api/cmd/api/main.go:17.13,36.20 6 0
fiap-x-api/cmd/api/main.go:36.20,38.3 1 0
fiap-x-api/cmd/api/main.go:40.2,41.16 2 0
fiap-x-api/cmd/api/main.go:41.16,43.3 1 0
fiap-x-api/cmd/api/main.go:46.2,50.16 4 0
fiap-x-api/cmd/api/main.go:50.16,52.3 1 0
fiap-x-api/cmd/api/main.go:54.2,66.29 6 0
fiap-x-api/cmd/api/main.go:66.29,74.36 5 0
fiap-x-api/cmd/api/main.go:74.36,77.4 2 0
fiap-x-api/cmd/api/main.go:78.3,78.11 1 0
fiap-x-api/cmd/api/main.go:82.2,82.44 1 0
fiap-x-api/cmd/api/main.go:82.44,84.3 1 0
fiap-x-api/cmd/api/main.go:87.2,87.34 1 0
fiap-x-api/cmd/api/main.go:87.34,89.3 1 0
fiap-x-api/cmd/api/main.go:92.2,92.38 1 0
fiap-x-api/cmd/api/main.go:92.38,94.3 1 0
fiap-x-api/cmd/api/main.go:97.2,97.40 1 0
fiap-x-api/cmd/api/main.go:97.40,102.49 2 0
fiap-x-api/cmd/api/main.go:102.49,105.4 2 0
fiap-x-api/cmd/api/main.go:107.3,108.17 2 0
fiap-x-api/cmd/api/main.go:108.17,111.4 2 0
fiap-x-api/cmd/api/main.go:113.3,113.37 1 0
fiap-x-api/cmd/api/main.go:117.2,117.48 1 0
fiap-x-api/cmd/api/main.go:117.48,122.49 2 0
fiap-x-api/cmd/api/main.go:122.49,125.4 2 0
fiap-x-api/cmd/api/main.go:127.3,128.17 2 0
fiap-x-api/cmd/api/main.go:128.17,131.4 2 0
fiap-x-api/cmd/api/main.go:132.3,132.64 1 0
fiap-x-api/cmd/api/main.go:136.2,138.2 3 0
fiap-x-api/cmd/api/main.go:138.2,143.3 3 0
fiap-x-api/cmd/api/main.go:145.2,146.16 2 0
fiap-x-api/internal/service/auth_service.go:19.72,22.80 2 1
fiap-x-api/internal/service/auth_service.go:22.80,24.3 1 0
fiap-x-api/internal/service/auth_service.go:27.2,28.16 2 1
fiap-x-api/internal/service/auth_service.go:28.16,30.3 1 1
fiap-x-api/internal/service/auth_service.go:33.2,38.35 2 1
fiap-x-api/internal/service/user_service.go:14.67,17.16 2 1
fiap-x-api/internal/service/user_service.go:17.16,19.3 1 0
fiap-x-api/internal/service/user_service.go:21.2,27.33 2 1
